// Jest Snapshot v1, https://goo.gl/fbAQLP

exports[`renders logo title 1`] = `
<Image
  resizeMode="contain"
  source={
    Object {
      "testUri": "../../../src/images/logo.png",
    }
  }
  style={
    Object {
      "flex": 1,
      "height": 30,
      "tintColor": "#ffffff",
      "width": 150,
    }
  }
/>
`;
